
=== Sat Jun 11 12:19:53 2022

Packages were changed.
Update Mode: mergeDefaultDependencies

The following packages were added:
  com.unity.ide.rider@3.0.14
  com.unity.ide.visualstudio@2.0.15
  com.unity.ide.vscode@1.2.5
  com.unity.modules.ai@1.0.0
  com.unity.modules.androidjni@1.0.0
  com.unity.modules.animation@1.0.0
  com.unity.modules.assetbundle@1.0.0
  com.unity.modules.audio@1.0.0
  com.unity.modules.cloth@1.0.0
  com.unity.modules.director@1.0.0
  com.unity.modules.imageconversion@1.0.0
  com.unity.modules.imgui@1.0.0
  com.unity.modules.jsonserialize@1.0.0
  com.unity.modules.particlesystem@1.0.0
  com.unity.modules.physics@1.0.0
  com.unity.modules.physics2d@1.0.0
  com.unity.modules.screencapture@1.0.0
  com.unity.modules.terrain@1.0.0
  com.unity.modules.terrainphysics@1.0.0
  com.unity.modules.tilemap@1.0.0
  com.unity.modules.ui@1.0.0
  com.unity.modules.uielements@1.0.0
  com.unity.modules.umbra@1.0.0
  com.unity.modules.unityanalytics@1.0.0
  com.unity.modules.unitywebrequest@1.0.0
  com.unity.modules.unitywebrequestassetbundle@1.0.0
  com.unity.modules.unitywebrequestaudio@1.0.0
  com.unity.modules.unitywebrequesttexture@1.0.0
  com.unity.modules.unitywebrequestwww@1.0.0
  com.unity.modules.vehicles@1.0.0
  com.unity.modules.video@1.0.0
  com.unity.modules.vr@1.0.0
  com.unity.modules.wind@1.0.0
  com.unity.modules.xr@1.0.0
  com.unity.test-framework@1.1.31
  com.unity.visualscripting@1.7.8
The following packages were updated:
  com.unity.collab-proxy from version 1.13.5 to 1.15.17
  com.unity.timeline from version 1.6.2 to 1.7.1

=== Sun Apr  2 12:17:21 2023

Packages were changed.
Update Mode: updateDependencies

The following packages were updated:
  com.unity.collab-proxy from version 1.15.17 to 1.17.0
  com.unity.ide.rider from version 3.0.14 to 3.0.15
  com.unity.ide.visualstudio from version 2.0.15 to 2.0.16

=== Sun Jul  6 21:06:46 2025

Packages were changed.
Update Mode: updateDependencies

The following packages were added:
  com.unity.ai.navigation@2.0.8
  com.unity.modules.accessibility@1.0.0
  com.unity.multiplayer.center@1.0.0
The following packages were updated:
  com.unity.addressables from version 1.20.5 to 2.6.0
  com.unity.cinemachine from version 2.8.6 to 2.10.4
  com.unity.collab-proxy from version 1.17.0 to 2.8.2
  com.unity.feature.development from version 1.0.1 to 1.0.2
  com.unity.ide.rider from version 3.0.15 to 3.0.36
  com.unity.ide.visualstudio from version 2.0.16 to 2.0.23
  com.unity.inputsystem from version 1.3.0 to 1.14.0
  com.unity.test-framework from version 1.1.31 to 1.5.1
  com.unity.timeline from version 1.7.1 to 1.8.7
  com.unity.ugui from version 1.0.0 to 2.0.0
  com.unity.visualscripting from version 1.7.8 to 1.9.7
The following packages were removed:
  com.unity.textmeshpro@3.0.6

=== Wed Aug  6 01:33:52 2025

Packages were changed.
Update Mode: updateDependencies

The following packages were updated:
  com.unity.render-pipelines.universal from version 17.0.3 to 17.1.0
  com.unity.render-pipelines.core from version 17.0.3 to 17.1.0
  com.unity.shadergraph from version 17.0.3 to 17.1.0

=== Wed Aug  6 01:33:52 2025

Packages were changed.
Update Mode: mergeDefaultDependencies

The following packages were added:
  com.unity.render-pipelines.core@17.1.0
  com.unity.render-pipelines.universal@17.1.0
  com.unity.render-pipelines.universal-config@17.0.3
  com.unity.rendering.light-transport@1.0.1
  com.unity.shadergraph@17.1.0

=== Sun Sep 14 20:11:49 2025

Packages were changed.
Update Mode: updateDependencies

The following packages were updated:
  com.unity.collab-proxy from version 1.13.5 to 2.8.2
  com.unity.ide.rider from version 3.0.7 to 3.0.36
  com.unity.ide.visualstudio from version 2.0.11 to 2.0.23
  com.unity.render-pipelines.high-definition from version 12.1.0 to 17.1.0
  com.unity.render-pipelines.universal from version 12.1.0 to 17.1.0
  com.unity.shadergraph from version 12.1.0 to 17.1.0
  com.unity.test-framework from version 1.1.29 to 1.5.1
  com.unity.timeline from version 1.6.2 to 1.8.7
  com.unity.ugui from version 1.0.0 to 2.0.0
  com.unity.visualscripting from version 1.7.2 to 1.9.7
The following packages were removed:
  com.unity.textmeshpro@3.0.6

=== Sun Sep 14 20:11:49 2025

Packages were changed.
Update Mode: mergeDefaultDependencies

The following packages were added:
  com.unity.ide.vscode@1.2.4
  com.unity.render-pipelines.high-definition@17.1.0
